Executing stage: SysMapMaker
    SysMapMaker reading from ./test/inputs/dm.txt
    SysMapMaker writing to ./test/outputs/diagnostic_maps.txt
