Executing stage: WLGCRandoms
    WLGCRandoms reading from ./test/outputs/diagnostic_maps.txt
    WLGCRandoms writing to ./test/outputs/random_catalog.txt
